// Jest Snapshot v1, https://goo.gl/fbAQLP

exports[`<ResultsList /> People by group should match the snapshot 1`] = `
<Table
  as="table"
  celled={true}
  sortable={true}
>
  <TableHeader
    as="thead"
  >
    <TableRow
      as="tr"
      cellAs="td"
    >
      <TableHeaderCell
        as="th"
        onClick={[Function]}
        sorted={null}
      >
        First Name
      </TableHeaderCell>
      <TableHeaderCell
        as="th"
        onClick={[Function]}
        sorted={null}
      >
        Last Name
      </TableHeaderCell>
      <TableHeaderCell
        as="th"
        onClick={[Function]}
        sorted={null}
      >
        Email
      </TableHeaderCell>
      <TableHeaderCell
        as="th"
      >
        Action
      </TableHeaderCell>
    </TableRow>
  </TableHeader>
  <TableBody
    as="tbody"
  >
    <TableRow
      as="tr"
      cellAs="td"
      key="0"
    >
      <TableCell
        as="td"
        singleLine={true}
      >
        Macie
      </TableCell>
      <TableCell
        as="td"
        singleLine={true}
      >
        Emmerich
      </TableCell>
      <TableCell
        as="td"
        singleLine={true}
      >
        cremin.marjory@hotmail.com
      </TableCell>
      <TableCell
        as="td"
        singleLine={true}
      >
        <Link
          className="ui blue button"
          href="/people/form/132"
          onlyActiveOnIndex={false}
          style={Object {}}
        >
          Edit
        </Link>
        <Link
          className="ui red button"
          href="#"
          id={132}
          onClick={[Function]}
          onlyActiveOnIndex={false}
          style={Object {}}
        >
          Delete
        </Link>
      </TableCell>
      <Confirm
        cancelButton="Cancel"
        confirmButton="OK"
        content="Are you sure?"
        onCancel={[Function]}
        onConfirm={[Function]}
        open={false}
        size="small"
      />
    </TableRow>
  </TableBody>
</Table>
`;
